C51 COMPILER V9.53.0.0   MUSIC                                                             12/02/2014 14:16:40 PAGE 1   


C51 COMPILER V9.53.0.0, COMPILATION OF MODULE MUSIC
OBJECT MODULE PLACED IN music.OBJ
COMPILER INVOKED BY: C:\Keil_v5\C51\BIN\C51.EXE music.c OPTIMIZE(8,SPEED) DEBUG OBJECTEXTEND TABS(2)

line level    source

   1          #include "project2.h"
   2          
   3          //TODO: Actually make these songs
   4          code unsigned int star_hz[42] = {F5, F5, F5, BF5, F6, EF6, D6, C6, BF6, F6, EF6, D6, C6, BF6, F6, EF6, D6,
             - EF6, C6, F5, F5, F5, BF5, F6, EF6, D6, C6, BF6, F6, EF6, D6, C6, BF6, F6, C7, BF6, A6, BF6, BF5, BF5, BF5, BF5};
   5          code unsigned char star_dur[42] = {E3, E3, E3, H, H, E3, E3, E3, H, Q, E3, E3, E3, H, Q, E3, E3, E3, H, E3
             -, E3, E3, H, H, E3, E3, E3, H, Q, E3, E3, E3, H, Q, E3, E3, E3, Q, E3, E3, E3, Q};
   6            
   7          code unsigned int sorc_hz[57] = {F5, C6, C5, D5, E5, F5, AF5, F5, AF5, G5, F5, E5, F5, AF5, F5, AF5, G5, F
             -5, E5, F5, AF5, F5, AF5, G5, F5, G5, AF5, G5, BF5, AF5, G5, B5, F5, AF5, G5, BF5, AF5, G5, B5, F5, AF5, BF5, C6, C6, C6,
             - C6, D6, E6, F6, E6, F6, G6, C6, D6, E6, F6, F5};
   8          code unsigned char sorc_dur[57] = {DQ, DQ, E, E, E, Q, E, Q, E, E, E, E, Q, E, Q, E, E, E, E, Q, E, E, E, 
             -E, E, E, E, E, E, E, Q, E, Q, E, E, E, E, Q, E, E, E, E, E, E, E, E, E, E, E, E, E, DQ, E, E, E, DQ, DQ};
   9          
  10          code unsigned int poke_hz[1] = {1000};
  11          code unsigned char poke_dur[1] = {Q};
  12            
  13          code unsigned char notes[3] = {42, 57, 1};
  14          
  15          void playSong(Song s)
  16          {
  17   1        switch (s)
  18   1        {
  19   2          case STAR:
  20   2            play_song(star_hz, star_dur, notes[1]);
  21   2            break;
  22   2            
  23   2          case SORC:
  24   2            play_song(sorc_hz, sorc_dur, notes[1]);
  25   2            break;
  26   2            
  27   2          case POKE:
  28   2            play_song(poke_hz, poke_dur, notes[2]);
  29   2            break;
  30   2        }
  31   1      }
  32          
  33          void play_song(unsigned int hz[], unsigned char dur[], unsigned char length)
  34          {
  35   1        unsigned char i;
  36   1        
  37   1        for (i = 0; i < length; ++i)
  38   1        {
  39   2          play_note(hz[i], dur[i]);
  40   2        }
  41   1      }
  42          
  43          void play_note(unsigned int hz, unsigned char dur)
  44          {
  45   1        unsigned int i, time;
  46   1        unsigned char high, low;
  47   1        
  48   1        time = hz * dur / 18;
  49   1        i = 307125 / hz;
  50   1        high = i / 256;
C51 COMPILER V9.53.0.0   MUSIC                                                             12/02/2014 14:16:40 PAGE 2   

  51   1        low = i % 256;
  52   1        
  53   1        TMOD = TMOD & 0xf0;
  54   1        TMOD = TMOD | 0x01;
  55   1        
  56   1        for (i = 0; i < time; ++i)
  57   1        {
  58   2          TH0 = high;
  59   2          TL0 = low;
  60   2          TR0 = 1;
  61   2          while (TF0 == 0);
  62   2          TR0 = 0;
  63   2          TF0 = 0;
  64   2          SPK = ~SPK;
  65   2        }
  66   1      }


MODULE INFORMATION:   STATIC OVERLAYABLE
   CODE SIZE        =    236    ----
   CONSTANT SIZE    =    303    ----
   XDATA SIZE       =   ----    ----
   PDATA SIZE       =   ----    ----
   DATA SIZE        =   ----      10
   IDATA SIZE       =   ----    ----
   BIT SIZE         =   ----    ----
END OF MODULE INFORMATION.


C51 COMPILATION COMPLETE.  0 WARNING(S),  0 ERROR(S)
