C51 COMPILER V9.53.0.0   PROJECT2CODE                                                      12/04/2014 22:28:02 PAGE 1   


C51 COMPILER V9.53.0.0, COMPILATION OF MODULE PROJECT2CODE
OBJECT MODULE PLACED IN Project2Code.OBJ
COMPILER INVOKED BY: C:\Keil_v5\C51\BIN\C51.EXE Project2Code.c OPTIMIZE(8,SPEED) DEBUG OBJECTEXTEND TABS(2)

line level    source

   1          #include "project2.h"
   2          
   3          void test() interrupt 2
   4          {
   5   1        transmit("interrupt", 9);
   6   1        return;
   7   1      }
   8          
   9          
  10          //TODO: Come up with the extra stuff we want to add
  11          //      (each person decide stuff, we can probably
  12          //      work together to make it happen).
  13          void main()
  14          {
  15   1        int mode = 0;
  16   1        P2M1 = 0;
  17   1        P1M1 = 0;
  18   1        P0M1 = 0;
  19   1      
  20   1        EA = 1;
  21   1        EX0 = 1;
  22   1        EX1 = 1;
  23   1      
  24   1        transmit("song 1", 6);
  25   1        transmit("song 2", 6);
  26   1      
  27   1        //playSong(STAR);
  28   1      
  29   1        while(1)
  30   1        {
  31   2          mode = mode1(mode);
  32   2            delay();
  33   2      
  34   2          mode = mode2(mode);
  35   2          delay();
  36   2      
  37   2          mode = mode3(mode);
  38   2          delay();
  39   2      
  40   2          mode = 0;
  41   2        }
  42   1      }


MODULE INFORMATION:   STATIC OVERLAYABLE
   CODE SIZE        =    160    ----
   CONSTANT SIZE    =     24    ----
   XDATA SIZE       =   ----    ----
   PDATA SIZE       =   ----    ----
   DATA SIZE        =   ----       2
   IDATA SIZE       =   ----    ----
   BIT SIZE         =   ----    ----
END OF MODULE INFORMATION.


C51 COMPILATION COMPLETE.  0 WARNING(S),  0 ERROR(S)
