C51 COMPILER V9.53.0.0   PROJECT2CODE                                                      12/10/2014 17:33:24 PAGE 1   


C51 COMPILER V9.53.0.0, COMPILATION OF MODULE PROJECT2CODE
OBJECT MODULE PLACED IN Project2Code.OBJ
COMPILER INVOKED BY: C:\Keil_v5\C51\BIN\C51.EXE Project2Code.c OPTIMIZE(8,SPEED) DEBUG OBJECTEXTEND TABS(2)

line level    source

   1          #include "project2.h"
   2          
   3          /*****************************************************
   4            * main
   5            * @desc Primary running of the program
   6            ***************************************************/
   7          void main()
   8          {
   9   1        P2M1 = 0;
  10   1        P1M1 = 0;
  11   1        P0M1 = 0;
  12   1        clearSevenSeg();
  13   1        
  14   1        transmit("song 1", 6);
  15   1        transmit("song 2", 6);
  16   1      
  17   1        while(1)
  18   1        {
  19   2          transmit("Keyboard", 8);
  20   2          mode1();
  21   2          delay();
  22   2      
  23   2          transmit("Play Songs", 10);
  24   2          mode2();
  25   2          delay();
  26   2      
  27   2          transmit("Counter", 7);
  28   2          mode3();
  29   2          delay();
  30   2        }
  31   1      }


MODULE INFORMATION:   STATIC OVERLAYABLE
   CODE SIZE        =     85    ----
   CONSTANT SIZE    =     42    ----
   XDATA SIZE       =   ----    ----
   PDATA SIZE       =   ----    ----
   DATA SIZE        =   ----    ----
   IDATA SIZE       =   ----    ----
   BIT SIZE         =   ----    ----
END OF MODULE INFORMATION.


C51 COMPILATION COMPLETE.  0 WARNING(S),  0 ERROR(S)
