C51 COMPILER V9.53.0.0   PROJECT2CODE                                                      12/02/2014 14:16:40 PAGE 1   


C51 COMPILER V9.53.0.0, COMPILATION OF MODULE PROJECT2CODE
OBJECT MODULE PLACED IN Project2Code.OBJ
COMPILER INVOKED BY: C:\Keil_v5\C51\BIN\C51.EXE Project2Code.c OPTIMIZE(8,SPEED) DEBUG OBJECTEXTEND TABS(2)

line level    source

   1          #include "project2.h"
   2          
   3          void test() interrupt 2
   4          {
   5   1        transmit("interrupt", 9);
   6   1        return;
   7   1      }
   8          
   9          void main()
  10          {
  11   1        int mode = 0;
  12   1        P2M1 = 0;
  13   1        P1M1 = 0;
  14   1        P0M1 = 0;
  15   1      
  16   1        EA = 1;
  17   1        EX0 = 1;
  18   1        EX1 = 1;
  19   1      
  20   1        transmit("song 1", 6);
  21   1        transmit("song 2", 6);
  22   1      
  23   1        while(1)
  24   1        {
  25   2          switch (mode)
  26   2          {
  27   3            case 0:
  28   3              mode = mode1(mode);
  29   3      
  30   3            case 1:
  31   3              mode = mode2(mode);
  32   3      
  33   3            case 2:
  34   3              mode = mode3(mode);
  35   3          }
  36   2        }
  37   1      }


MODULE INFORMATION:   STATIC OVERLAYABLE
   CODE SIZE        =    162    ----
   CONSTANT SIZE    =     24    ----
   XDATA SIZE       =   ----    ----
   PDATA SIZE       =   ----    ----
   DATA SIZE        =   ----       2
   IDATA SIZE       =   ----    ----
   BIT SIZE         =   ----    ----
END OF MODULE INFORMATION.


C51 COMPILATION COMPLETE.  0 WARNING(S),  0 ERROR(S)
